Archive member included to satisfy reference by file (symbol)

/opt/Atollic_TrueSTUDIO_for_STM32_x86_64_9.3.0/ARMTools/bin/../lib/gcc/arm-atollic-eabi/6.3.1/../../../../arm-atollic-eabi/lib/armv7e-m/fpu/libc_nano.a(lib_a-init.o)
                              startup/startup_stm32f407xx.o (__libc_init_array)

Memory Configuration

Name             Origin             Length             Attributes
FLASH            0x0000000008000000 0x0000000000100000 xr
RAM              0x0000000020000000 0x0000000000020000 xrw
MEMORY_B1        0x0000000060000000 0x0000000000000000 xr
CCMRAM           0x0000000010000000 0x0000000000010000 rw
*default*        0x0000000000000000 0xffffffffffffffff

Linker script and memory map

LOAD /opt/Atollic_TrueSTUDIO_for_STM32_x86_64_9.3.0/ARMTools/bin/../lib/gcc/arm-atollic-eabi/6.3.1/armv7e-m/fpu/crti.o
LOAD /opt/Atollic_TrueSTUDIO_for_STM32_x86_64_9.3.0/ARMTools/bin/../lib/gcc/arm-atollic-eabi/6.3.1/armv7e-m/fpu/crtbegin.o
LOAD app/src/main.o
LOAD hal/src/hal_gpio.o
LOAD libs/my_stm32f4_gpio_lib.o
LOAD startup/startup_stm32f407xx.o
                0x0000000000000080                malloc_getpagesize_P = 0x80
START GROUP
LOAD /opt/Atollic_TrueSTUDIO_for_STM32_x86_64_9.3.0/ARMTools/bin/../lib/gcc/arm-atollic-eabi/6.3.1/../../../../arm-atollic-eabi/lib/armv7e-m/fpu/libc_nano.a
LOAD /opt/Atollic_TrueSTUDIO_for_STM32_x86_64_9.3.0/ARMTools/bin/../lib/gcc/arm-atollic-eabi/6.3.1/../../../../arm-atollic-eabi/lib/armv7e-m/fpu/libm.a
END GROUP
START GROUP
LOAD /opt/Atollic_TrueSTUDIO_for_STM32_x86_64_9.3.0/ARMTools/bin/../lib/gcc/arm-atollic-eabi/6.3.1/armv7e-m/fpu/libgcc.a
LOAD /opt/Atollic_TrueSTUDIO_for_STM32_x86_64_9.3.0/ARMTools/bin/../lib/gcc/arm-atollic-eabi/6.3.1/../../../../arm-atollic-eabi/lib/armv7e-m/fpu/libc_nano.a
END GROUP
START GROUP
LOAD /opt/Atollic_TrueSTUDIO_for_STM32_x86_64_9.3.0/ARMTools/bin/../lib/gcc/arm-atollic-eabi/6.3.1/armv7e-m/fpu/libgcc.a
LOAD /opt/Atollic_TrueSTUDIO_for_STM32_x86_64_9.3.0/ARMTools/bin/../lib/gcc/arm-atollic-eabi/6.3.1/../../../../arm-atollic-eabi/lib/armv7e-m/fpu/libc_nano.a
LOAD /opt/Atollic_TrueSTUDIO_for_STM32_x86_64_9.3.0/ARMTools/bin/../lib/gcc/arm-atollic-eabi/6.3.1/../../../../arm-atollic-eabi/lib/armv7e-m/fpu/libnosys.a
END GROUP
START GROUP
LOAD /opt/Atollic_TrueSTUDIO_for_STM32_x86_64_9.3.0/ARMTools/bin/../lib/gcc/arm-atollic-eabi/6.3.1/armv7e-m/fpu/libgcc.a
LOAD /opt/Atollic_TrueSTUDIO_for_STM32_x86_64_9.3.0/ARMTools/bin/../lib/gcc/arm-atollic-eabi/6.3.1/../../../../arm-atollic-eabi/lib/armv7e-m/fpu/libc_nano.a
LOAD /opt/Atollic_TrueSTUDIO_for_STM32_x86_64_9.3.0/ARMTools/bin/../lib/gcc/arm-atollic-eabi/6.3.1/../../../../arm-atollic-eabi/lib/armv7e-m/fpu/libnosys.a
END GROUP
LOAD /opt/Atollic_TrueSTUDIO_for_STM32_x86_64_9.3.0/ARMTools/bin/../lib/gcc/arm-atollic-eabi/6.3.1/armv7e-m/fpu/crtend.o
LOAD /opt/Atollic_TrueSTUDIO_for_STM32_x86_64_9.3.0/ARMTools/bin/../lib/gcc/arm-atollic-eabi/6.3.1/armv7e-m/fpu/crtn.o
                0x0000000020020000                _estack = 0x20020000
                0x0000000000000000                _Min_Heap_Size = 0x0
                0x0000000000000400                _Min_Stack_Size = 0x400

.isr_vector     0x0000000008000000      0x188
                0x0000000008000000                . = ALIGN (0x4)
 *(.isr_vector)
 .isr_vector    0x0000000008000000      0x188 startup/startup_stm32f407xx.o
                0x0000000008000000                g_pfnVectors
                0x0000000008000188                . = ALIGN (0x4)

.text           0x0000000008000188      0x3d0
                0x0000000008000188                . = ALIGN (0x4)
 *(.text)
 .text          0x0000000008000188        0x0 /opt/Atollic_TrueSTUDIO_for_STM32_x86_64_9.3.0/ARMTools/bin/../lib/gcc/arm-atollic-eabi/6.3.1/armv7e-m/fpu/crti.o
 .text          0x0000000008000188       0x40 /opt/Atollic_TrueSTUDIO_for_STM32_x86_64_9.3.0/ARMTools/bin/../lib/gcc/arm-atollic-eabi/6.3.1/armv7e-m/fpu/crtbegin.o
 .text          0x00000000080001c8       0x7c app/src/main.o
                0x00000000080001c8                main
 .text          0x0000000008000244        0x0 hal/src/hal_gpio.o
 .text          0x0000000008000244      0x24c libs/my_stm32f4_gpio_lib.o
                0x0000000008000244                LIB_GPIO_Init
                0x0000000008000300                LIB_GPIO_ReadPin
                0x0000000008000334                LIB_GPIO_WritePin
                0x000000000800037e                LIB_GPIO_TogglePin
                0x00000000080003d0                __LIB_RCC_GPIOA_CLK_ENABLE
                0x00000000080003f0                __LIB_RCC_GPIOB_CLK_ENABLE
                0x0000000008000410                __LIB_RCC_GPIOC_CLK_ENABLE
                0x0000000008000430                __LIB_RCC_GPIOD_CLK_ENABLE
                0x0000000008000450                __LIB_RCC_GPIOE_CLK_ENABLE
                0x0000000008000470                __LIB_RCC_GPIOH_CLK_ENABLE
 .text          0x0000000008000490       0x14 startup/startup_stm32f407xx.o
 .text          0x00000000080004a4        0x0 /opt/Atollic_TrueSTUDIO_for_STM32_x86_64_9.3.0/ARMTools/bin/../lib/gcc/arm-atollic-eabi/6.3.1/../../../../arm-atollic-eabi/lib/armv7e-m/fpu/libc_nano.a(lib_a-init.o)
 .text          0x00000000080004a4        0x0 /opt/Atollic_TrueSTUDIO_for_STM32_x86_64_9.3.0/ARMTools/bin/../lib/gcc/arm-atollic-eabi/6.3.1/armv7e-m/fpu/crtend.o
 .text          0x00000000080004a4        0x0 /opt/Atollic_TrueSTUDIO_for_STM32_x86_64_9.3.0/ARMTools/bin/../lib/gcc/arm-atollic-eabi/6.3.1/armv7e-m/fpu/crtn.o
 *(.text*)
 .text.Reset_Handler
                0x00000000080004a4       0x4c startup/startup_stm32f407xx.o
                0x00000000080004a4                Reset_Handler
 .text.Default_Handler
                0x00000000080004f0        0x2 startup/startup_stm32f407xx.o
                0x00000000080004f0                RTC_Alarm_IRQHandler
                0x00000000080004f0                HASH_RNG_IRQHandler
                0x00000000080004f0                EXTI2_IRQHandler
                0x00000000080004f0                TIM8_CC_IRQHandler
                0x00000000080004f0                DebugMon_Handler
                0x00000000080004f0                TIM1_CC_IRQHandler
                0x00000000080004f0                DMA2_Stream5_IRQHandler
                0x00000000080004f0                HardFault_Handler
                0x00000000080004f0                DMA1_Stream5_IRQHandler
                0x00000000080004f0                SysTick_Handler
                0x00000000080004f0                PVD_IRQHandler
                0x00000000080004f0                SDIO_IRQHandler
                0x00000000080004f0                TAMP_STAMP_IRQHandler
                0x00000000080004f0                PendSV_Handler
                0x00000000080004f0                NMI_Handler
                0x00000000080004f0                CAN2_RX1_IRQHandler
                0x00000000080004f0                EXTI3_IRQHandler
                0x00000000080004f0                TIM8_TRG_COM_TIM14_IRQHandler
                0x00000000080004f0                TIM1_UP_TIM10_IRQHandler
                0x00000000080004f0                TIM8_UP_TIM13_IRQHandler
                0x00000000080004f0                I2C3_ER_IRQHandler
                0x00000000080004f0                EXTI0_IRQHandler
                0x00000000080004f0                I2C2_EV_IRQHandler
                0x00000000080004f0                DMA1_Stream2_IRQHandler
                0x00000000080004f0                CAN1_RX0_IRQHandler
                0x00000000080004f0                FPU_IRQHandler
                0x00000000080004f0                OTG_HS_WKUP_IRQHandler
                0x00000000080004f0                UsageFault_Handler
                0x00000000080004f0                CAN2_SCE_IRQHandler
                0x00000000080004f0                DMA2_Stream2_IRQHandler
                0x00000000080004f0                SPI1_IRQHandler
                0x00000000080004f0                TIM6_DAC_IRQHandler
                0x00000000080004f0                TIM1_BRK_TIM9_IRQHandler
                0x00000000080004f0                DCMI_IRQHandler
                0x00000000080004f0                CAN2_RX0_IRQHandler
                0x00000000080004f0                DMA2_Stream3_IRQHandler
                0x00000000080004f0                USART6_IRQHandler
                0x00000000080004f0                USART3_IRQHandler
                0x00000000080004f0                CAN1_RX1_IRQHandler
                0x00000000080004f0                UART5_IRQHandler
                0x00000000080004f0                DMA2_Stream0_IRQHandler
                0x00000000080004f0                TIM4_IRQHandler
                0x00000000080004f0                I2C1_EV_IRQHandler
                0x00000000080004f0                DMA1_Stream6_IRQHandler
                0x00000000080004f0                DMA1_Stream1_IRQHandler
                0x00000000080004f0                UART4_IRQHandler
                0x00000000080004f0                TIM3_IRQHandler
                0x00000000080004f0                RCC_IRQHandler
                0x00000000080004f0                TIM8_BRK_TIM12_IRQHandler
                0x00000000080004f0                Default_Handler
                0x00000000080004f0                EXTI15_10_IRQHandler
                0x00000000080004f0                ADC_IRQHandler
                0x00000000080004f0                DMA1_Stream7_IRQHandler
                0x00000000080004f0                TIM7_IRQHandler
                0x00000000080004f0                CAN2_TX_IRQHandler
                0x00000000080004f0                TIM5_IRQHandler
                0x00000000080004f0                DMA2_Stream7_IRQHandler
                0x00000000080004f0                I2C3_EV_IRQHandler
                0x00000000080004f0                EXTI9_5_IRQHandler
                0x00000000080004f0                RTC_WKUP_IRQHandler
                0x00000000080004f0                ETH_WKUP_IRQHandler
                0x00000000080004f0                SPI2_IRQHandler
                0x00000000080004f0                OTG_HS_EP1_IN_IRQHandler
                0x00000000080004f0                MemManage_Handler
                0x00000000080004f0                DMA1_Stream0_IRQHandler
                0x00000000080004f0                CAN1_TX_IRQHandler
                0x00000000080004f0                SVC_Handler
                0x00000000080004f0                EXTI4_IRQHandler
                0x00000000080004f0                FSMC_IRQHandler
                0x00000000080004f0                ETH_IRQHandler
                0x00000000080004f0                OTG_HS_EP1_OUT_IRQHandler
                0x00000000080004f0                WWDG_IRQHandler
                0x00000000080004f0                TIM2_IRQHandler
                0x00000000080004f0                OTG_FS_WKUP_IRQHandler
                0x00000000080004f0                TIM1_TRG_COM_TIM11_IRQHandler
                0x00000000080004f0                OTG_HS_IRQHandler
                0x00000000080004f0                EXTI1_IRQHandler
                0x00000000080004f0                USART2_IRQHandler
                0x00000000080004f0                I2C2_ER_IRQHandler
                0x00000000080004f0                DMA2_Stream1_IRQHandler
                0x00000000080004f0                CAN1_SCE_IRQHandler
                0x00000000080004f0                FLASH_IRQHandler
                0x00000000080004f0                DMA2_Stream4_IRQHandler
                0x00000000080004f0                BusFault_Handler
                0x00000000080004f0                USART1_IRQHandler
                0x00000000080004f0                OTG_FS_IRQHandler
                0x00000000080004f0                SPI3_IRQHandler
                0x00000000080004f0                DMA1_Stream4_IRQHandler
                0x00000000080004f0                I2C1_ER_IRQHandler
                0x00000000080004f0                DMA2_Stream6_IRQHandler
                0x00000000080004f0                DMA1_Stream3_IRQHandler
 *fill*         0x00000000080004f2        0x2 
 .text.__libc_init_array
                0x00000000080004f4       0x48 /opt/Atollic_TrueSTUDIO_for_STM32_x86_64_9.3.0/ARMTools/bin/../lib/gcc/arm-atollic-eabi/6.3.1/../../../../arm-atollic-eabi/lib/armv7e-m/fpu/libc_nano.a(lib_a-init.o)
                0x00000000080004f4                __libc_init_array
 *(.glue_7)
 .glue_7        0x000000000800053c        0x0 linker stubs
 *(.glue_7t)
 .glue_7t       0x000000000800053c        0x0 linker stubs
 *(.eh_frame)
 .eh_frame      0x000000000800053c        0x0 /opt/Atollic_TrueSTUDIO_for_STM32_x86_64_9.3.0/ARMTools/bin/../lib/gcc/arm-atollic-eabi/6.3.1/armv7e-m/fpu/crtbegin.o
 .eh_frame      0x000000000800053c        0x4 /opt/Atollic_TrueSTUDIO_for_STM32_x86_64_9.3.0/ARMTools/bin/../lib/gcc/arm-atollic-eabi/6.3.1/armv7e-m/fpu/crtend.o
 *(.init)
 .init          0x0000000008000540        0x4 /opt/Atollic_TrueSTUDIO_for_STM32_x86_64_9.3.0/ARMTools/bin/../lib/gcc/arm-atollic-eabi/6.3.1/armv7e-m/fpu/crti.o
                0x0000000008000540                _init
 .init          0x0000000008000544        0x8 /opt/Atollic_TrueSTUDIO_for_STM32_x86_64_9.3.0/ARMTools/bin/../lib/gcc/arm-atollic-eabi/6.3.1/armv7e-m/fpu/crtn.o
 *(.fini)
 .fini          0x000000000800054c        0x4 /opt/Atollic_TrueSTUDIO_for_STM32_x86_64_9.3.0/ARMTools/bin/../lib/gcc/arm-atollic-eabi/6.3.1/armv7e-m/fpu/crti.o
                0x000000000800054c                _fini
 .fini          0x0000000008000550        0x8 /opt/Atollic_TrueSTUDIO_for_STM32_x86_64_9.3.0/ARMTools/bin/../lib/gcc/arm-atollic-eabi/6.3.1/armv7e-m/fpu/crtn.o
                0x0000000008000558                . = ALIGN (0x4)
                0x0000000008000558                _etext = .

.vfp11_veneer   0x0000000008000558        0x0
 .vfp11_veneer  0x0000000008000558        0x0 linker stubs

.v4_bx          0x0000000008000558        0x0
 .v4_bx         0x0000000008000558        0x0 linker stubs

.iplt           0x0000000008000558        0x0
 .iplt          0x0000000008000558        0x0 /opt/Atollic_TrueSTUDIO_for_STM32_x86_64_9.3.0/ARMTools/bin/../lib/gcc/arm-atollic-eabi/6.3.1/armv7e-m/fpu/crtbegin.o

.rel.dyn        0x0000000008000558        0x0
 .rel.iplt      0x0000000008000558        0x0 /opt/Atollic_TrueSTUDIO_for_STM32_x86_64_9.3.0/ARMTools/bin/../lib/gcc/arm-atollic-eabi/6.3.1/armv7e-m/fpu/crtbegin.o

.rodata         0x0000000008000558        0x0
                0x0000000008000558                . = ALIGN (0x4)
 *(.rodata)
 *(.rodata*)
                0x0000000008000558                . = ALIGN (0x4)

.ARM.extab
 *(.ARM.extab* .gnu.linkonce.armextab.*)

.ARM            0x0000000008000558        0x0
                0x0000000008000558                __exidx_start = .
 *(.ARM.exidx*)
                0x0000000008000558                __exidx_end = .

.preinit_array  0x0000000008000558        0x0
                0x0000000008000558                PROVIDE (__preinit_array_start, .)
 *(.preinit_array*)
                0x0000000008000558                PROVIDE (__preinit_array_end, .)

.init_array     0x0000000008000558        0x4
                0x0000000008000558                PROVIDE (__init_array_start, .)
 *(SORT(.init_array.*))
 *(.init_array*)
 .init_array    0x0000000008000558        0x4 /opt/Atollic_TrueSTUDIO_for_STM32_x86_64_9.3.0/ARMTools/bin/../lib/gcc/arm-atollic-eabi/6.3.1/armv7e-m/fpu/crtbegin.o
                0x000000000800055c                PROVIDE (__init_array_end, .)

.fini_array     0x000000000800055c        0x4
                [!provide]                        PROVIDE (__fini_array_start, .)
 *(SORT(.fini_array.*))
 *(.fini_array*)
 .fini_array    0x000000000800055c        0x4 /opt/Atollic_TrueSTUDIO_for_STM32_x86_64_9.3.0/ARMTools/bin/../lib/gcc/arm-atollic-eabi/6.3.1/armv7e-m/fpu/crtbegin.o
                [!provide]                        PROVIDE (__fini_array_end, .)
                0x0000000008000560                _sidata = LOADADDR (.data)

.data           0x0000000020000000        0x4 load address 0x0000000008000560
                0x0000000020000000                . = ALIGN (0x4)
                0x0000000020000000                _sdata = .
 *(.data)
 .data          0x0000000020000000        0x0 /opt/Atollic_TrueSTUDIO_for_STM32_x86_64_9.3.0/ARMTools/bin/../lib/gcc/arm-atollic-eabi/6.3.1/armv7e-m/fpu/crti.o
 .data          0x0000000020000000        0x4 /opt/Atollic_TrueSTUDIO_for_STM32_x86_64_9.3.0/ARMTools/bin/../lib/gcc/arm-atollic-eabi/6.3.1/armv7e-m/fpu/crtbegin.o
                0x0000000020000000                __dso_handle
 .data          0x0000000020000004        0x0 app/src/main.o
 .data          0x0000000020000004        0x0 hal/src/hal_gpio.o
 .data          0x0000000020000004        0x0 libs/my_stm32f4_gpio_lib.o
 .data          0x0000000020000004        0x0 startup/startup_stm32f407xx.o
 .data          0x0000000020000004        0x0 /opt/Atollic_TrueSTUDIO_for_STM32_x86_64_9.3.0/ARMTools/bin/../lib/gcc/arm-atollic-eabi/6.3.1/../../../../arm-atollic-eabi/lib/armv7e-m/fpu/libc_nano.a(lib_a-init.o)
 .data          0x0000000020000004        0x0 /opt/Atollic_TrueSTUDIO_for_STM32_x86_64_9.3.0/ARMTools/bin/../lib/gcc/arm-atollic-eabi/6.3.1/armv7e-m/fpu/crtend.o
 .data          0x0000000020000004        0x0 /opt/Atollic_TrueSTUDIO_for_STM32_x86_64_9.3.0/ARMTools/bin/../lib/gcc/arm-atollic-eabi/6.3.1/armv7e-m/fpu/crtn.o
 *(.data*)
                0x0000000020000004                . = ALIGN (0x4)
                0x0000000020000004                _edata = .
                0x0000000008000564                _siccmram = LOADADDR (.ccmram)

.igot.plt       0x0000000020000004        0x0 load address 0x0000000008000564
 .igot.plt      0x0000000020000004        0x0 /opt/Atollic_TrueSTUDIO_for_STM32_x86_64_9.3.0/ARMTools/bin/../lib/gcc/arm-atollic-eabi/6.3.1/armv7e-m/fpu/crtbegin.o

.ccmram         0x0000000010000000        0x0 load address 0x0000000008000564
                0x0000000010000000                . = ALIGN (0x4)
                0x0000000010000000                _sccmram = .
 *(.ccmram)
 *(.ccmram*)
                0x0000000010000000                . = ALIGN (0x4)
                0x0000000010000000                _eccmram = .
                0x0000000010000000                . = ALIGN (0x4)

.bss            0x0000000020000004       0x1c
                0x0000000020000004                _sbss = .
                0x0000000020000004                __bss_start__ = _sbss
 *(.bss)
 .bss           0x0000000020000004        0x0 /opt/Atollic_TrueSTUDIO_for_STM32_x86_64_9.3.0/ARMTools/bin/../lib/gcc/arm-atollic-eabi/6.3.1/armv7e-m/fpu/crti.o
 .bss           0x0000000020000004       0x1c /opt/Atollic_TrueSTUDIO_for_STM32_x86_64_9.3.0/ARMTools/bin/../lib/gcc/arm-atollic-eabi/6.3.1/armv7e-m/fpu/crtbegin.o
 .bss           0x0000000020000020        0x0 app/src/main.o
 .bss           0x0000000020000020        0x0 hal/src/hal_gpio.o
 .bss           0x0000000020000020        0x0 libs/my_stm32f4_gpio_lib.o
 .bss           0x0000000020000020        0x0 startup/startup_stm32f407xx.o
 .bss           0x0000000020000020        0x0 /opt/Atollic_TrueSTUDIO_for_STM32_x86_64_9.3.0/ARMTools/bin/../lib/gcc/arm-atollic-eabi/6.3.1/../../../../arm-atollic-eabi/lib/armv7e-m/fpu/libc_nano.a(lib_a-init.o)
 .bss           0x0000000020000020        0x0 /opt/Atollic_TrueSTUDIO_for_STM32_x86_64_9.3.0/ARMTools/bin/../lib/gcc/arm-atollic-eabi/6.3.1/armv7e-m/fpu/crtend.o
 .bss           0x0000000020000020        0x0 /opt/Atollic_TrueSTUDIO_for_STM32_x86_64_9.3.0/ARMTools/bin/../lib/gcc/arm-atollic-eabi/6.3.1/armv7e-m/fpu/crtn.o
 *(.bss*)
 *(COMMON)
                0x0000000020000020                . = ALIGN (0x4)
                0x0000000020000020                _ebss = .
                0x0000000020000020                __bss_end__ = _ebss

._user_heap_stack
                0x0000000020000020      0x400
                0x0000000020000020                . = ALIGN (0x4)
                [!provide]                        PROVIDE (end, .)
                [!provide]                        PROVIDE (_end, .)
                0x0000000020000020                . = (. + _Min_Heap_Size)
                0x0000000020000420                . = (. + _Min_Stack_Size)
 *fill*         0x0000000020000020      0x400 
                0x0000000020000420                . = ALIGN (0x4)

.memory_b1_text
 *(.mb1text)
 *(.mb1text*)
 *(.mb1rodata)
 *(.mb1rodata*)

/DISCARD/
 libc.a(*)
 libm.a(*)
 libgcc.a(*)

.ARM.attributes
                0x0000000000000000       0x30
 *(.ARM.attributes)
 .ARM.attributes
                0x0000000000000000       0x22 /opt/Atollic_TrueSTUDIO_for_STM32_x86_64_9.3.0/ARMTools/bin/../lib/gcc/arm-atollic-eabi/6.3.1/armv7e-m/fpu/crti.o
 .ARM.attributes
                0x0000000000000022       0x34 /opt/Atollic_TrueSTUDIO_for_STM32_x86_64_9.3.0/ARMTools/bin/../lib/gcc/arm-atollic-eabi/6.3.1/armv7e-m/fpu/crtbegin.o
 .ARM.attributes
                0x0000000000000056       0x39 app/src/main.o
 .ARM.attributes
                0x000000000000008f       0x39 hal/src/hal_gpio.o
 .ARM.attributes
                0x00000000000000c8       0x39 libs/my_stm32f4_gpio_lib.o
 .ARM.attributes
                0x0000000000000101       0x21 startup/startup_stm32f407xx.o
 .ARM.attributes
                0x0000000000000122       0x34 /opt/Atollic_TrueSTUDIO_for_STM32_x86_64_9.3.0/ARMTools/bin/../lib/gcc/arm-atollic-eabi/6.3.1/../../../../arm-atollic-eabi/lib/armv7e-m/fpu/libc_nano.a(lib_a-init.o)
 .ARM.attributes
                0x0000000000000156       0x34 /opt/Atollic_TrueSTUDIO_for_STM32_x86_64_9.3.0/ARMTools/bin/../lib/gcc/arm-atollic-eabi/6.3.1/armv7e-m/fpu/crtend.o
 .ARM.attributes
                0x000000000000018a       0x22 /opt/Atollic_TrueSTUDIO_for_STM32_x86_64_9.3.0/ARMTools/bin/../lib/gcc/arm-atollic-eabi/6.3.1/armv7e-m/fpu/crtn.o
OUTPUT(8_gpio_driver_scratch_lib_c_2.elf elf32-littlearm)

.debug_info     0x0000000000000000     0x1994
 .debug_info    0x0000000000000000      0xbb3 app/src/main.o
 .debug_info    0x0000000000000bb3      0xd12 libs/my_stm32f4_gpio_lib.o
 .debug_info    0x00000000000018c5       0xcf startup/startup_stm32f407xx.o

.debug_abbrev   0x0000000000000000      0x398
 .debug_abbrev  0x0000000000000000      0x1b3 app/src/main.o
 .debug_abbrev  0x00000000000001b3      0x1d3 libs/my_stm32f4_gpio_lib.o
 .debug_abbrev  0x0000000000000386       0x12 startup/startup_stm32f407xx.o

.debug_aranges  0x0000000000000000       0x68
 .debug_aranges
                0x0000000000000000       0x20 app/src/main.o
 .debug_aranges
                0x0000000000000020       0x20 libs/my_stm32f4_gpio_lib.o
 .debug_aranges
                0x0000000000000040       0x28 startup/startup_stm32f407xx.o

.debug_line     0x0000000000000000      0x4b3
 .debug_line    0x0000000000000000      0x20a app/src/main.o
 .debug_line    0x000000000000020a        0x0 hal/src/hal_gpio.o
 .debug_line    0x000000000000020a      0x22c libs/my_stm32f4_gpio_lib.o
 .debug_line    0x0000000000000436       0x7d startup/startup_stm32f407xx.o

.debug_str      0x0000000000000000      0x8b5
 .debug_str     0x0000000000000000      0x759 app/src/main.o
                                        0x7dd (size before relaxing)
 .debug_str     0x0000000000000759       0x16 hal/src/hal_gpio.o
                                        0x143 (size before relaxing)
 .debug_str     0x000000000000076f      0x146 libs/my_stm32f4_gpio_lib.o
                                        0x92d (size before relaxing)

.comment        0x0000000000000000       0x7c
 .comment       0x0000000000000000       0x7c app/src/main.o
                                         0x7d (size before relaxing)
 .comment       0x000000000000007c       0x7d hal/src/hal_gpio.o
 .comment       0x000000000000007c       0x7d libs/my_stm32f4_gpio_lib.o

.debug_frame    0x0000000000000000      0x1cc
 .debug_frame   0x0000000000000000       0x30 app/src/main.o
 .debug_frame   0x0000000000000030      0x170 libs/my_stm32f4_gpio_lib.o
 .debug_frame   0x00000000000001a0       0x2c /opt/Atollic_TrueSTUDIO_for_STM32_x86_64_9.3.0/ARMTools/bin/../lib/gcc/arm-atollic-eabi/6.3.1/../../../../arm-atollic-eabi/lib/armv7e-m/fpu/libc_nano.a(lib_a-init.o)

.debug_ranges   0x0000000000000000       0x20
 .debug_ranges  0x0000000000000000       0x20 startup/startup_stm32f407xx.o

Cross Reference Table

Symbol                                            File
ADC_IRQHandler                                    startup/startup_stm32f407xx.o
BusFault_Handler                                  startup/startup_stm32f407xx.o
CAN1_RX0_IRQHandler                               startup/startup_stm32f407xx.o
CAN1_RX1_IRQHandler                               startup/startup_stm32f407xx.o
CAN1_SCE_IRQHandler                               startup/startup_stm32f407xx.o
CAN1_TX_IRQHandler                                startup/startup_stm32f407xx.o
CAN2_RX0_IRQHandler                               startup/startup_stm32f407xx.o
CAN2_RX1_IRQHandler                               startup/startup_stm32f407xx.o
CAN2_SCE_IRQHandler                               startup/startup_stm32f407xx.o
CAN2_TX_IRQHandler                                startup/startup_stm32f407xx.o
DCMI_IRQHandler                                   startup/startup_stm32f407xx.o
DMA1_Stream0_IRQHandler                           startup/startup_stm32f407xx.o
DMA1_Stream1_IRQHandler                           startup/startup_stm32f407xx.o
DMA1_Stream2_IRQHandler                           startup/startup_stm32f407xx.o
DMA1_Stream3_IRQHandler                           startup/startup_stm32f407xx.o
DMA1_Stream4_IRQHandler                           startup/startup_stm32f407xx.o
DMA1_Stream5_IRQHandler                           startup/startup_stm32f407xx.o
DMA1_Stream6_IRQHandler                           startup/startup_stm32f407xx.o
DMA1_Stream7_IRQHandler                           startup/startup_stm32f407xx.o
DMA2_Stream0_IRQHandler                           startup/startup_stm32f407xx.o
DMA2_Stream1_IRQHandler                           startup/startup_stm32f407xx.o
DMA2_Stream2_IRQHandler                           startup/startup_stm32f407xx.o
DMA2_Stream3_IRQHandler                           startup/startup_stm32f407xx.o
DMA2_Stream4_IRQHandler                           startup/startup_stm32f407xx.o
DMA2_Stream5_IRQHandler                           startup/startup_stm32f407xx.o
DMA2_Stream6_IRQHandler                           startup/startup_stm32f407xx.o
DMA2_Stream7_IRQHandler                           startup/startup_stm32f407xx.o
DebugMon_Handler                                  startup/startup_stm32f407xx.o
Default_Handler                                   startup/startup_stm32f407xx.o
ETH_IRQHandler                                    startup/startup_stm32f407xx.o
ETH_WKUP_IRQHandler                               startup/startup_stm32f407xx.o
EXTI0_IRQHandler                                  startup/startup_stm32f407xx.o
EXTI15_10_IRQHandler                              startup/startup_stm32f407xx.o
EXTI1_IRQHandler                                  startup/startup_stm32f407xx.o
EXTI2_IRQHandler                                  startup/startup_stm32f407xx.o
EXTI3_IRQHandler                                  startup/startup_stm32f407xx.o
EXTI4_IRQHandler                                  startup/startup_stm32f407xx.o
EXTI9_5_IRQHandler                                startup/startup_stm32f407xx.o
FLASH_IRQHandler                                  startup/startup_stm32f407xx.o
FPU_IRQHandler                                    startup/startup_stm32f407xx.o
FSMC_IRQHandler                                   startup/startup_stm32f407xx.o
HASH_RNG_IRQHandler                               startup/startup_stm32f407xx.o
HardFault_Handler                                 startup/startup_stm32f407xx.o
I2C1_ER_IRQHandler                                startup/startup_stm32f407xx.o
I2C1_EV_IRQHandler                                startup/startup_stm32f407xx.o
I2C2_ER_IRQHandler                                startup/startup_stm32f407xx.o
I2C2_EV_IRQHandler                                startup/startup_stm32f407xx.o
I2C3_ER_IRQHandler                                startup/startup_stm32f407xx.o
I2C3_EV_IRQHandler                                startup/startup_stm32f407xx.o
LIB_GPIO_Init                                     libs/my_stm32f4_gpio_lib.o
                                                  app/src/main.o
LIB_GPIO_ReadPin                                  libs/my_stm32f4_gpio_lib.o
LIB_GPIO_TogglePin                                libs/my_stm32f4_gpio_lib.o
                                                  app/src/main.o
LIB_GPIO_WritePin                                 libs/my_stm32f4_gpio_lib.o
                                                  app/src/main.o
MemManage_Handler                                 startup/startup_stm32f407xx.o
NMI_Handler                                       startup/startup_stm32f407xx.o
OTG_FS_IRQHandler                                 startup/startup_stm32f407xx.o
OTG_FS_WKUP_IRQHandler                            startup/startup_stm32f407xx.o
OTG_HS_EP1_IN_IRQHandler                          startup/startup_stm32f407xx.o
OTG_HS_EP1_OUT_IRQHandler                         startup/startup_stm32f407xx.o
OTG_HS_IRQHandler                                 startup/startup_stm32f407xx.o
OTG_HS_WKUP_IRQHandler                            startup/startup_stm32f407xx.o
PVD_IRQHandler                                    startup/startup_stm32f407xx.o
PendSV_Handler                                    startup/startup_stm32f407xx.o
RCC_IRQHandler                                    startup/startup_stm32f407xx.o
RTC_Alarm_IRQHandler                              startup/startup_stm32f407xx.o
RTC_WKUP_IRQHandler                               startup/startup_stm32f407xx.o
Reset_Handler                                     startup/startup_stm32f407xx.o
SDIO_IRQHandler                                   startup/startup_stm32f407xx.o
SPI1_IRQHandler                                   startup/startup_stm32f407xx.o
SPI2_IRQHandler                                   startup/startup_stm32f407xx.o
SPI3_IRQHandler                                   startup/startup_stm32f407xx.o
SVC_Handler                                       startup/startup_stm32f407xx.o
SysTick_Handler                                   startup/startup_stm32f407xx.o
TAMP_STAMP_IRQHandler                             startup/startup_stm32f407xx.o
TIM1_BRK_TIM9_IRQHandler                          startup/startup_stm32f407xx.o
TIM1_CC_IRQHandler                                startup/startup_stm32f407xx.o
TIM1_TRG_COM_TIM11_IRQHandler                     startup/startup_stm32f407xx.o
TIM1_UP_TIM10_IRQHandler                          startup/startup_stm32f407xx.o
TIM2_IRQHandler                                   startup/startup_stm32f407xx.o
TIM3_IRQHandler                                   startup/startup_stm32f407xx.o
TIM4_IRQHandler                                   startup/startup_stm32f407xx.o
TIM5_IRQHandler                                   startup/startup_stm32f407xx.o
TIM6_DAC_IRQHandler                               startup/startup_stm32f407xx.o
TIM7_IRQHandler                                   startup/startup_stm32f407xx.o
TIM8_BRK_TIM12_IRQHandler                         startup/startup_stm32f407xx.o
TIM8_CC_IRQHandler                                startup/startup_stm32f407xx.o
TIM8_TRG_COM_TIM14_IRQHandler                     startup/startup_stm32f407xx.o
TIM8_UP_TIM13_IRQHandler                          startup/startup_stm32f407xx.o
UART4_IRQHandler                                  startup/startup_stm32f407xx.o
UART5_IRQHandler                                  startup/startup_stm32f407xx.o
USART1_IRQHandler                                 startup/startup_stm32f407xx.o
USART2_IRQHandler                                 startup/startup_stm32f407xx.o
USART3_IRQHandler                                 startup/startup_stm32f407xx.o
USART6_IRQHandler                                 startup/startup_stm32f407xx.o
UsageFault_Handler                                startup/startup_stm32f407xx.o
WWDG_IRQHandler                                   startup/startup_stm32f407xx.o
__LIB_RCC_GPIOA_CLK_ENABLE                        libs/my_stm32f4_gpio_lib.o
__LIB_RCC_GPIOB_CLK_ENABLE                        libs/my_stm32f4_gpio_lib.o
__LIB_RCC_GPIOC_CLK_ENABLE                        libs/my_stm32f4_gpio_lib.o
__LIB_RCC_GPIOD_CLK_ENABLE                        libs/my_stm32f4_gpio_lib.o
                                                  app/src/main.o
__LIB_RCC_GPIOE_CLK_ENABLE                        libs/my_stm32f4_gpio_lib.o
__LIB_RCC_GPIOH_CLK_ENABLE                        libs/my_stm32f4_gpio_lib.o
__deregister_frame_info                           /opt/Atollic_TrueSTUDIO_for_STM32_x86_64_9.3.0/ARMTools/bin/../lib/gcc/arm-atollic-eabi/6.3.1/armv7e-m/fpu/crtbegin.o
__dso_handle                                      /opt/Atollic_TrueSTUDIO_for_STM32_x86_64_9.3.0/ARMTools/bin/../lib/gcc/arm-atollic-eabi/6.3.1/armv7e-m/fpu/crtbegin.o
__init_array_end                                  /opt/Atollic_TrueSTUDIO_for_STM32_x86_64_9.3.0/ARMTools/bin/../lib/gcc/arm-atollic-eabi/6.3.1/../../../../arm-atollic-eabi/lib/armv7e-m/fpu/libc_nano.a(lib_a-init.o)
__init_array_start                                /opt/Atollic_TrueSTUDIO_for_STM32_x86_64_9.3.0/ARMTools/bin/../lib/gcc/arm-atollic-eabi/6.3.1/../../../../arm-atollic-eabi/lib/armv7e-m/fpu/libc_nano.a(lib_a-init.o)
__libc_init_array                                 /opt/Atollic_TrueSTUDIO_for_STM32_x86_64_9.3.0/ARMTools/bin/../lib/gcc/arm-atollic-eabi/6.3.1/../../../../arm-atollic-eabi/lib/armv7e-m/fpu/libc_nano.a(lib_a-init.o)
                                                  startup/startup_stm32f407xx.o
__preinit_array_end                               /opt/Atollic_TrueSTUDIO_for_STM32_x86_64_9.3.0/ARMTools/bin/../lib/gcc/arm-atollic-eabi/6.3.1/../../../../arm-atollic-eabi/lib/armv7e-m/fpu/libc_nano.a(lib_a-init.o)
__preinit_array_start                             /opt/Atollic_TrueSTUDIO_for_STM32_x86_64_9.3.0/ARMTools/bin/../lib/gcc/arm-atollic-eabi/6.3.1/../../../../arm-atollic-eabi/lib/armv7e-m/fpu/libc_nano.a(lib_a-init.o)
__register_frame_info                             /opt/Atollic_TrueSTUDIO_for_STM32_x86_64_9.3.0/ARMTools/bin/../lib/gcc/arm-atollic-eabi/6.3.1/armv7e-m/fpu/crtbegin.o
_ebss                                             startup/startup_stm32f407xx.o
_edata                                            startup/startup_stm32f407xx.o
_estack                                           startup/startup_stm32f407xx.o
_fini                                             /opt/Atollic_TrueSTUDIO_for_STM32_x86_64_9.3.0/ARMTools/bin/../lib/gcc/arm-atollic-eabi/6.3.1/armv7e-m/fpu/crti.o
_init                                             /opt/Atollic_TrueSTUDIO_for_STM32_x86_64_9.3.0/ARMTools/bin/../lib/gcc/arm-atollic-eabi/6.3.1/armv7e-m/fpu/crti.o
                                                  /opt/Atollic_TrueSTUDIO_for_STM32_x86_64_9.3.0/ARMTools/bin/../lib/gcc/arm-atollic-eabi/6.3.1/../../../../arm-atollic-eabi/lib/armv7e-m/fpu/libc_nano.a(lib_a-init.o)
_sbss                                             startup/startup_stm32f407xx.o
_sdata                                            startup/startup_stm32f407xx.o
_sidata                                           startup/startup_stm32f407xx.o
g_pfnVectors                                      startup/startup_stm32f407xx.o
main                                              app/src/main.o
                                                  startup/startup_stm32f407xx.o
